Condition,Orphacode
Hypophosphataemic rickets,ORPHA437
X-linked hypophosphataemia,ORPHA89936
Autosomal dominant hypophosphataemic rickets,ORPHA89937
Autosomal recessive hypophosphataemic rickets,ORPHA289176
Hereditary hypophosphataemic rickets with hypercalciuria,ORPHA157215
Oncogenic osteomalacia,ORPHA352540