Pk_ALFA_EPAD_ID,Att_Diagnosis,Att_Gender,Att_Years_of_education,Att_APOE,Att_AD_family_History,AttM_MMSE-V1,AttM_MIS-V1,Prop_Date_V1,Met_Date_V1_LengthofTest,Met_Date_V1_DoctorId,AttM_MMSE-V2,AttM_MIS-V2,Prop_Date_V2,Met_Date_V2_LengthofTest,Met_Date_V2_Doctorid,AttM_Total_Intracraneal_Volume_mm3,AttM_Brain_seg_mm3,AttM_Left_Hippocampapus_mm3,AttM_Right_Hippocampus_mm3,AttM_Left_Hippocampus_TIV,AttM_Right_Hippocampus_TIV,AttM_Left_Hippocampal_MTA,AttM_Right_Hippocampal_MTA,Prop_Date_Visita_MRI