Orphacode,Age Group,Suspected Cases,Confirmed Cases
ORPHA417,<18,1,3
ORPHA89675,<18,0,1
ORPHA11947,<18,3,0
ORPHA48613,<18,0,0
ORPHA1533312,<18,1,1
ORPHA228760,<18,2,0
ORPHA417,>=18,4,2
ORPHA89675,>=18,0,2
ORPHA11947,>=18,2,1
ORPHA48613,>=18,3,5
ORPHA1533312,>=18,2,1
ORPHA228760,>=18,2,2