pat_birth_date;pat_sex;pat_onset_age;pat_diagnosis_age
1951-07;F;700;366
2005-01;M;41;700
2016-07;M;5;1400
2008-08;F;1601;881
2012-06;F;123;5010
1989-09;M;17;32
1987-10;F;441;2415
2004-04;F;4400;1648
1995-04;F;0;1011
2001-11;M;1055;1045
