[{
  "subject_id": 0,
  "name": "Sam",
  "age": 25,
  "heart_rate": [110, 98, 123],
  "blood_pressure": [{"sys":95, "dia": 65}, {"sys":105, "dia": 72}, {"sys":98, "dia": 68}]
},
{
  "subject_id": 1,
  "name": "Joe",
  "age": 30,
  "heart_rate": [130, 95],
  "blood_pressure": [{"sys":115, "dia": 70}, {"sys":103, "dia": 66}]
}]