{
  "name": "Sam",
  "age": 25,
  "heart_rate": [110, 98, 123],
  "blood_pressure": [{"sys":95, "dia": 65}, {"sys":105, "dia": 72}, {"sys":98, "dia": 68}]
}